https://stream.1tv.ru/api/playlist/1tvch-v1_as_array.json
http://allpravda.info
https://antifashist.com
https://argumenti.ru
https://aurora.network
https://www.belnovosti.by
https://belsbyt.ru
https://lk.belsbyt.ru/fiz/login
https://www.belta.by
https://burgerkingrus.ru
https://burgerkingrus.ru/api-web-front/api/v3/restaurant/list
https://mic.burgerking.ru/mifs/user/login.jsp
https://sd.burgerking.ru/HEAT/SaaSExternalSessionRenew.aspx
https://buzina.org
https://www.chechnya.online
https://www.c-inform.info
https://comitet.su
https://compromat.group
https://compromat.group/engine/ajax/checkViews.php
https://cont.ws
https://dan-news.info
https://dni.ru
https://social.dni.ru
https://dnmchs.ru
https://dnr24.com
https://dnr-pravda.ru
https://dontimes.ru
https://www.ehrmann.ru
https://www.europereloaded.com
https://evening-crimea.com
https://expert.ru
https://fine-news.ru
https://front-novorossii.ru
http://www.fsb.ru
https://www.gazeta.ru
http://globalwarnews.ru
https://www.go31.ru
https://www.go31.ru/api3/auth/check-login
https://mfa.gov.by
https://russia.mfa.gov.by/ru/
https://president.gov.by/ru
https://gtrklnr.com
https://infobrics.org
https://infobrics.org/api/business/
https://infox.sg
https://jpgazeta.ru
https://kianews24.ru
https://www.laredoute.ru
https://www.laredoute.ru/producthelper/getproducts.aspx
https://lenta.ru
https://life.ru
https://lugansk-online.su
https://lug-info.com
https://www.m24.ru
https://cross.m24.ru/covid/frontend/web/site/rus
https://mail.ru
https://ad.mail.ru/adp/
https://recostream.go.mail.ru
https://suggests.go.mail.ru/sg_main
https://news.mail.ru
https://portal.mail.ru/NaviData
http://mcspro.ru
https://mega.ru/offers/
https://www.metronews.ru
https://www.mid.ru
https://belarus.mid.ru
https://mid-dnr.su/ru/
https://www.mk-kalm.ru
https://mkset.ru
https://montreal.mid.ru
http://www.moscow-post.su
https://mymodshair.ru
https://myzte.ru
https://www.nakanune.ru
https://www.newc.info
https://newdaynews.ru
https://newizv.ru
https://newizv.ru/api/v1/matters
https://news.rambler.ru
https://novorosinform.org
http://novorossy.ru
https://nt1941.su
https://nvo.ng.ru
https://odnarodyna.org
https://papajohns.ru/moscow
https://api.papajohns.ru/slider/list
https://pikabu.ru
https://api.pikabu.ru
https://politikus.info
https://www.rambler.ru
https://www.rambler.ru/api/v4/personalized
https://id.rambler.ru/login-20/login
https://mail.rambler.ru
https://peroxide.rambler.ru/v1/comments/clusters/
https://rabota.rambler.ru
https://rcm.rambler.ru
https://zoomdecorate.rambler.ru
https://rg.ru
https://api.riafan.ru
https://mt.riafan.ru/blog/latest
https://www.ritmeurasia.org/rubric--politika-3
https://rossaprimavera.ru/feed/news
https://vcs.rostec.ru
https://rusonline.org
https://smi2.ru
https://polls.smi2.ru/body/1/poll
https://www.strategic-culture.org
https://southfront.org
https://sovross.ru
https://subway.ru
https://svpressa.ru
https://taurica.net
https://tehnowar.ru
https://therussophile.org
https://trmzk.ru
https://tsargrad.tv
https://ulgov.ru
https://universe-tss.su
https://utro.ru
https://vesti-k.ru
https://vm.ru
https://vsednr.ru
https://vz.ru
https://webkamerton.ru
https://zanamipravda.ru
https://zavtra.ru
