https://www.belarus.by/ru/search?q=%D0%91%D0%B5%D0%BB%D0%B0%D1%80%D1%83%D1%81&x=12&y=13
https://www.belnovosti.by
https://www.belta.by/search/getResultsForPeriod/?query=%D0%91%D0%B5%D0%BB%D0%B0%D1%80%D1%83%D1%81
https://ru.benetton.com/search/zhenshchiny/?q=a
https://comitet.su
https://cont.ws
https://dni.ru
https://dnmchs.ru
https://donbasstoday.ru/?s=a
https://foraco.ru
https://frigoglass-shop.ru/search?q=a
https://www.geopolitika.ru
https://mfa.gov.by
https://russia.mfa.gov.by/ru/
https://president.gov.by/ru
https://gtrklnr.com
https://lead.gtrklnr.ru
https://news.gtrklnr.ru
https://video.gtrklnr.ru/?search=a
https://katehon.com/ru/search/node/
https://lug-info.com/search?search=%D0%9A%D1%80%D1%8B%D0%BC
https://www.m24.ru
https://mail.ru
https://news.mail.ru
https://www.makita.ru
https://mediarepost.ru
https://mega.ru/offers/
https://www.metronews.ru/search/?sw=a
https://www.mid.ru/ru/search/?q=a&sort=rele&lang=ru&order=desc&count=10
https://belarus.mid.ru/ru/search/?q=a
https://montreal.mid.ru
https://mid-dnr.su/ru/
https://mil.ru
https://mirtesen.ru
http://www.moscow-post.su
https://moutairussia.com
https://mymodshair.ru
https://modshairrussia.ru
https://myzte.ru
https://newsland.com
https://novorossiia.ru
https://novorosinform.org/search?q=a&section=all
https://nt1941.su
https://nvo.ng.ru
https://www.obocom.ru
https://odnarodyna.org
https://oppo.ru
https://papajohns.ru/moscow
https://pikabu.ru
https://projahn.su
https://projahn-rus.ru
https://ipoteka.raiffeisen.ru/signin
https://partner.ipoteka.raiffeisen.ru/kclogin
https://online.raiffeisen.ru/login/main
https://skidki.raiffeisen.ru
https://www.rambler.ru
https://id.rambler.ru/login-20/login
https://news.rambler.ru
https://rf-smi.ru
https://rg.ru
https://riamo.ru
https://rostovgazeta.ru
https://rusonline.org/search?s=%d0%b0%20%d1%81%20%d0%ba%20%d0%bd%d0%b0%20%d0%b2%20%d0%be%d1%82
https://russia58.tv/projects/zamir/
https://sovross.ru
https://vm.ru/search/site?q=a&page=1
https://vz.ru/search/?action=search&q=a
