https://360tv.ru
https://47news.ru/search/?query=%D0%BF%D0%BE%D0%B4&sdate=2005-09-05&edate=2022-08-01
https://78.ru
https://antifashist.com
https://antimaydan.info
https://argumenti.ru
http://babolat.ru
https://babolat-shop.ru
https://bel.ru/search?q=%D0%B0%20%D1%81%20%D0%BA%20%D0%BD%D0%B0%20%D0%B2%20%D0%BE%D1%82
https://bloknot-rostov.ru/search/?q=%d0%b0%20%d1%81%20%d0%ba%20%d0%bd%d0%b0%20%d0%b2%20%d0%be%d1%82&s=%D0%9F%D0%BE%D0%B8%D1%81%D0%BA
https://www.bnkomi.ru/find?query=%D0%A3%D0%BA%D1%80%D0%B0%D0%B8%D0%BDa
https://ru.boggi.com/catalog/?q=a
https://burgerkingrus.ru
https://mic.burgerking.ru/mifs/user/login.jsp
https://sd.burgerking.ru/HEAT/SaaSExternalSessionRenew.aspx
https://buzina.org
https://chechnya.online/ru/archive/?key=a&date1=01.01.1970&date2=30.12.2022&sub=&b=%D0%9D%D0%B0%D0%B9%D1%82%D0%B8
https://www.c-inform.info/search/r/q/%D0%9A%D1%80%D1%8B%D0%BC
https://crimea-news.com
https://compromat.group
https://delonghi.ru
https://dnr24.com
https://dnr-pravda.ru/?s=a
https://www.xn----7sbbaeo6behzdm8c.xn--p1ai
https://www.donnews.ru/search/?search_query=%D0%B0%20%D1%81%20%D0%BA%20%D0%BD%D0%B0%20%D0%B2%20%D0%BE%D1%82
https://dontimes.ru/?s=a
https://obyv-online.ru
https://www.ehrmann.ru
https://expert.ru
https://fenzirussia.com
https://fine-news.ru/?s=a
https://www.foreverliving.ru/search?search=forever
https://www.gazeta.ru
https://gorlovka-news.su
https://hoffmann-group.ru
https://legrand.ru/products/raspredelenie-elektroenergii/
https://life.ru/search?search=a
https://lugansk-online.su
https://mirbelogorya.ru/index.php
https://mosregtoday.ru/search/?search=a
https://www.nakanune.ru/search/?_search=%D0%B5%D1%82%D0%BE&author=&articles=1&news=1&video=1&full_text=1&keywords=1&from=&to=&region=&tematik=&button=%D0%B8%D1%81%D0%BA%D0%B0%D1%82%D1%8C
https://newdaynews.ru
https://novorossiia.info
http://novorossy.ru/search?search=%D0%B0%20%D1%81%20%D0%BA%20%D0%BD%D0%B0%20%D0%B2%20%D0%BE%D1%82
https://ont.by/search?search=%D0%B5%D1%82%D0%BE
https://pandoraopen.ru/?s=a
https://plainnews.ru
https://auth.ipoteka.raiffeisen.ru/realms/origin/protocol/openid-connect/auth
https://int.raiffeisen.ru/logon/LogonPoint/tmindex.html
https://www.ritmeurasia.org/rubric--politika-3
https://rossaprimavera.ru
https://sbdr.ru
https://www.sgs.ru
https://smi2.ru
https://southfront.org
https://www.strategic-culture.org
https://subway.ru
https://svpressa.ru
https://swiss-krono.ru
https://taurica.net
https://tehnowar.ru
https://trmzk.ru
https://tvr24.tv/news_sections/novosti
https://ulgov.ru/search/?query=%D0%B5%D1%82%D0%BE
https://www.vedomosti.ru
https://vkirove.ru/news/
https://vm.ru
https://voskhodinfo.su
https://vsednr.ru/?s=a
https://webkamerton.ru/search/content?keys=%D0%B5%D1%82%D0%BE
https://wpristav.com
