https://360tv.ru
https://47news.ru
https://78.ru
https://antifashist.com
https://antimaydan.info
https://argumenti.ru
http://babolat.ru
https://babolat-shop.ru
https://bloknot-rostov.ru/search/?q=%d0%b0%20%d1%81%20%d0%ba%20%d0%bd%d0%b0%20%d0%b2%20%d0%be%d1%82&s=%D0%9F%D0%BE%D0%B8%D1%81%D0%BA
https://www.bnkomi.ru/find?query=%D0%A3%D0%BA%D1%80%D0%B0%D0%B8%D0%BDa
https://ru.boggi.com/catalog/?q=a
https://buzina.org/component/search/?searchword=%D0%B5%D1%82%D0%BE&ordering=newest&searchphrase=all&limit=0
https://chechnya.online/ru/archive/?key=a&date1=01.01.1970&date2=30.12.2022&sub=&b=%D0%9D%D0%B0%D0%B9%D1%82%D0%B8
https://www.c-inform.info/search/r/q/%D0%9A%D1%80%D1%8B%D0%BC
https://crimea-news.com
https://compromat.group
https://delonghi.ru
https://dnr24.com
https://www.donnews.ru
https://obyv-online.ru
https://www.ehrmann.ru
https://expert.ru
https://fenzirussia.com
https://fine-news.ru/?s=a
https://www.foreverliving.ru/search?search=forever
https://www.gazeta.ru
https://gorlovka-news.su
https://mfa.gov.by
https://russia.mfa.gov.by/ru/
https://hoffmann-group.ru/products_by_id/162594024,162579299,162710152,162739891,162537048,162716650,162534770,162537128,162610048,162686516,162739891,162738281,162582068,162582107,162612488,162729568,162740913,162737549,162702764,162534417,162739393,162536684,162742052,162606720,162743501,162727089,162614447,162603996,162579706,162581799,162745875,162593166,162533987,162726542,162741574,162597992,162581777,162739555,162601929,162598054,162742435,162742052,162743501,162614447,162581799,162745875,162593166,162726542,162741574,162597992,162739555,162601929,162742435,162580267,162746027,162598184,162740337,162702967,162714049,162741275,162687928,162612664,162538762,162719458,162723629,162740614,162718136,162737112,162586064,162596146,162613062,162607907,162730702.json
https://mail.hoffmann-group.ru:9443/search?q=1&limit=10000&offset=0
https://legrand.ru/products/raspredelenie-elektroenergii/
https://lenta.ru/search/v2/process?from=0&size=999&sort=2&title_only=0&domain=1&modified%2Cformat=yyyy-MM-dd&query=a
https://life.ru/search?search=a
https://lug-info.com/api/ru/publications?epp=20000&orderByField=publishedAt&search=%D0%9B%D1%83%D0%B3%D0%B0%D0%BD%D1%81%D0%BA&eppOffset=0
https://mirbelogorya.ru/index.php
https://mosregtoday.ru/search/?search=a
https://www.nakanune.ru/search/?_search=%D0%B5%D1%82%D0%BE&author=&articles=1&news=1&video=1&full_text=1&keywords=1&from=&to=&region=&tematik=&button=%D0%B8%D1%81%D0%BA%D0%B0%D1%82%D1%8C
https://newdaynews.ru
https://novorossiia.info
http://novorossy.ru/search?search=%D0%B0%20%D1%81%20%D0%BA%20%D0%BD%D0%B0%20%D0%B2%20%D0%BE%D1%82
https://ont.by/search?search=%D0%B5%D1%82%D0%BE
https://pandoraopen.ru/?s=a
https://api.papajohns.ru/stock/unconditional-list?city_id=1&lang=ru&platform=web
https://plainnews.ru
https://auth.ipoteka.raiffeisen.ru/realms/origin/protocol/openid-connect/auth
https://int.raiffeisen.ru/logon/LogonPoint/tmindex.html
https://oapi.raiffeisen.ru/api/
https://online.raiffeisen.ru/import/web/translate/ru.json
https://skidki.raiffeisen.ru/api/geo/mall/list?page=0&pageSize=5000&regionId=1
https://www.rambler.ru/api/v4/personalized/
https://peroxide.rambler.ru/v1/comments/clusters/
https://www.ritmeurasia.org/rubric--politika-3
https://rossaprimavera.ru
https://rostovgazeta.ru/api/v1/matters?q=a&limit=100
https://sbdr.ru
https://www.sgs.ru
https://smi2.ru/api/search?limit=499&offset=0&order=date&query=%D0%B5%D1%82%D0%BE
https://www.starhit.ru
https://www.strategic-culture.org
https://southfront.org
https://subway.ru
https://svpressa.ru
https://swiss-krono.ru
https://taurica.net
https://tehnowar.ru
https://trmzk.ru
https://tvr24.tv/news_sections/novosti
https://ulgov.ru/search/?query=%D0%B5%D1%82%D0%BE
https://utro.ru/search/?q=%d0%b0%20%d1%81%20%d0%ba%20%d0%bd%d0%b0%20%d0%b2%20%d0%be%d1%82
https://www.vedomosti.ru
https://vkirove.ru/news/
https://webkamerton.ru/search/content?keys=%D0%B5%D1%82%D0%BE
