http://31.31.198.206
http://82.202.160.250
http://82.202.163.4
http://91.228.154.78
http://94.198.50.179
http://94.198.55.82
http://95.142.44.8
http://152.89.219.221
http://158.69.116.70
http://188.127.226.136
http://193.109.246.53
https://360tv.ru/search/?q=%D0%BD%D0%BE%D0%B2%D0%BE%D1%81%D1%82%D0%B8&page=400
https://47news.ru/search/?query=%D0%B0+%D1%81+%D0%BA+%D0%BD%D0%B0+%D0%B2+%D0%BE%D1%82&sdate=2005-09-05&edate=2022-05-08&page=100
https://antimaydan.info
https://crimea-news.com
https://delonghi.ru
https://donbasstoday.ru
https://mil.ru
https://mosregtoday.ru/search/?search=%D0%BD%D0%BE%D0%B2%D0%BE%D1%81%D1%82%D0%B8
https://novorossiia.info
https://ont.by
https://www.osnmedia.ru/?s=%D0%BD%D0%BE%D0%B2%D0%BE%D1%81%D1%82%D0%B8
https://pandoraopen.ru
https://rg.ru/search/?keywords=%D0%B0%20%D1%81%20%D0%BA%20%D0%BD%D0%B0%20%D0%B2%20%D0%BE%D1%82
http://ruspravda.info
http://stringer-news.com
https://tvzvezda.ru/search/?q=%D0%B0+%D1%81+%D0%BA+%D0%BD%D0%B0+%D0%B2+%D0%BE%D1%82
https://voskhodinfo.su
https://ya62.ru/search/?tags=&how=d&q=%D1%82%D0%B5%D1%85%D0%BD%D0%BE&where=
